============================================================
MODUL 3: DATA PREPARATION & PREPROCESSING
Bagian 1: Data Understanding & Data Cleaning
============================================================

┌─────────────────────────────────────────────────────────────────┐
│          TAHAPAN DATA PREPARATION (KRUSIAL DI AI!)             │
├─────────────────────────────────────────────────────────────────┤
│                                                                 │
│  1. DATA UNDERSTANDING → Pahami struktur & karakteristik data  │
│  2. DATA CLEANING      → Bersihkan: null, duplikat, outlier    │
│  3. DATA TRANSFORMATION→ Ubah format: encoding, scaling,       │
│  4. FEATURE ENGINEERING→ Buat fitur baru dari yang ada         │
│  5. EDA                → Visual eksplorasi pola & insight      │
│  6. DATA SPLITTING     → Train / Validation / Test set         │
│                                                                 │
└─────────────────────────────────────────────────────────────────┘


>>> 1. MEMBUAT DATASET DENGAN MASALAH (untuk latihan cleaning)
------------------------------------------------------------
Shape awal: (15, 11)

Data mentah (15 baris pertama):
    ID            Nama   Umur        Gaji Jenis_Kelamin Pendidikan        Kota Tanggal_Daftar  Pengalaman_Thn Status_Nikah Churn
0    1    Andi Pratama   28.0   8500000.0             L         S1     Jakarta     2022-01-15             3.0        Belum     0
1    2    Budi Santoso   32.0  12000000.0             L         S1     Bandung     2021/06/20             5.0          NaN     0
2    3      citra dewi   25.0   7000000.0             P         D3    surabaya            NaN             1.0        Belum     1
3    4  Dewi Anggraeni    NaN  15000000.0             P         S2     Jakarta     2019-03-10            10.0        Kawin     0
4    5      Eko Wijaya   -5.0   9500000.0             L         S1     Bandung     2022-08-05             4.0        Belum     0
5    6    Fani Hidayat   40.0  20000000.0             L         S2     Jakarta     2015-12-01             NaN        Kawin     0
6    7    Gita Permata   30.0  10500000.0             P         S1    Surabaya     2021-04-18             3.0        Belum     1
7    8    Andi Pratama   28.0   8500000.0             L         S1     Jakarta     2022-01-15             3.0        Belum     0
8    9  Hendra Gunawan   35.0  99999999.0             L         S3  Yogyakarta     2018-09-22             8.0        Kawin     0
9   10    Inge Lestari   29.0         NaN             P         S1    Semarang     2023-02-14             2.0        Belum     1
10  11     Joko Susilo  200.0  11000000.0             L         S1         NaN     2022-11-30             4.0        Kawin   NaN
11  12    Kartika Sari   33.0  13500000.0             P         S2     Bandung     2020-07-08             6.0          NaN   NaN
12  13    Lukman Hakim   38.0         NaN             L         D4       Medan     2017-05-03             9.0        Kawin     0
13  14      Maya Putri   27.0   7800000.0             P         D3    surabaya     2023-01-20             NaN        Belum     1
14  15     Nanda Putra   31.0  11500000.0             L         S1     Jakarta     2021-10-12             4.0        Kawin     0

>>> 2. DATA UNDERSTANDING - Inspeksi Awal
------------------------------------------------------------

Informasi kolom & null:
