Collecting matplotlib==3.8.4
  Downloading matplotlib-3.8.4-cp310-cp310-win_amd64.whl (7.7 MB)
     ---------------------------------------- 7.7/7.7 MB 4.8 MB/s eta 0:00:00
Collecting seaborn==0.13.2
  Downloading seaborn-0.13.2-py3-none-any.whl (294 kB)
     ---------------------------------------- 294.9/294.9 kB ? eta 0:00:00
Collecting scikit-learn==1.4.2
  Downloading scikit_learn-1.4.2-cp310-cp310-win_amd64.whl (10.6 MB)
     ---------------------------------------- 10.6/10.6 MB 5.2 MB/s eta 0:00:00
Collecting scipy==1.12.0
  Downloading scipy-1.12.0-cp310-cp310-win_amd64.whl (46.2 MB)
     ---------------------------------------- 46.2/46.2 MB 2.4 MB/s eta 0:00:00
Collecting joblib==1.4.2
  Downloading joblib-1.4.2-py3-none-any.whl (301 kB)
     ------------------------------------- 301.8/301.8 kB 19.4 MB/s eta 0:00:00
Requirement already satisfied: Pillow==10.3.0 in c:\ai-engineer\venv_bnsp\lib\site-packages (10.3.0)
Collecting openpyxl==3.1.2
  Downloading openpyxl-3.1.2-py2.py3-none-any.whl (249 kB)
     ---------------------------------------- 250.0/250.0 kB ? eta 0:00:00
Collecting fonttools>=4.22.0
  Downloading fonttools-4.65.0-cp310-cp310-win_amd64.whl (1.6 MB)
     ---------------------------------------- 1.6/1.6 MB 2.7 MB/s eta 0:00:00
Requirement already satisfied: packaging>=20.0 in c:\ai-engineer\venv_bnsp\lib\site-packages (from matplotlib==3.8.4) (26.3)
Requirement already satisfied: pyparsing>=2.3.1 in c:\ai-engineer\venv_bnsp\lib\site-packages (from matplotlib==3.8.4) (3.3.2)
Requirement already satisfied: numpy>=1.21 in c:\ai-engineer\venv_bnsp\lib\site-packages (from matplotlib==3.8.4) (1.26.4)
Collecting contourpy>=1.0.1
  Downloading contourpy-1.3.2-cp310-cp310-win_amd64.whl (221 kB)
     ---------------------------------------- 221.2/221.2 kB ? eta 0:00:00
Collecting cycler>=0.10
  Downloading cycler-0.12.1-py3-none-any.whl (8.3 kB)
Requirement already satisfied: python-dateutil>=2.7 in c:\ai-engineer\venv_bnsp\lib\site-packages (from matplotlib==3.8.4) (2.9.0.post0)
Collecting kiwisolver>=1.3.1
  Downloading kiwisolver-1.5.1-cp310-cp310-win_amd64.whl (70 kB)
     ---------------------------------------- 70.6/70.6 kB ? eta 0:00:00
Requirement already satisfied: pandas>=1.2 in c:\ai-engineer\venv_bnsp\lib\site-packages (from seaborn==0.13.2) (2.2.1)
Requirement already satisfied: threadpoolctl>=2.0.0 in c:\ai-engineer\venv_bnsp\lib\site-packages (from scikit-learn==1.4.2) (3.6.0)
Collecting et-xmlfile
  Downloading et_xmlfile-2.0.0-py3-none-any.whl (18 kB)
Requirement already satisfied: pytz>=2020.1 in c:\ai-engineer\venv_bnsp\lib\site-packages (from pandas>=1.2->seaborn==0.13.2) (2026.3.post1)
Requirement already satisfied: tzdata>=2022.7 in c:\ai-engineer\venv_bnsp\lib\site-packages (from pandas>=1.2->seaborn==0.13.2) (2026.4)
Requirement already satisfied: six>=1.5 in c:\ai-engineer\venv_bnsp\lib\site-packages (from python-dateutil>=2.7->matplotlib==3.8.4) (1.17.0)
Installing collected packages: scipy, kiwisolver, joblib, fonttools, et-xmlfile, cycler, contourpy, scikit-learn, openpyxl, matplotlib, seaborn
Successfully installed contourpy-1.3.2 cycler-0.12.1 et-xmlfile-2.0.0 fonttools-4.65.0 joblib-1.4.2 kiwisolver-1.5.1 matplotlib-3.8.4 openpyxl-3.1.2 scikit-learn-1.4.2 scipy-1.12.0 seaborn-0.13.2
